eltex-pg1-v17@eltex:~$ mkdir D1
eltex-pg1-v17@eltex:~$ ls
#D1  eltex-pg1-v17_part2.log  mydirectory  practice2_part1.log  report_part1.txt
eltex-pg1-v17@eltex:~$ cd D1
eltex-pg1-v17@eltex:~/D1$ mkdir D2
eltex-pg1-v17@eltex:~/D1$ cd D2
eltex-pg1-v17@eltex:~/D1/D2$ mkdir D3
eltex-pg1-v17@eltex:~/D1/D2$ 

eltex-pg1-v17@eltex:~/D1/D2$ nano file.txt


eltex-pg1-v17@eltex:~/D1/D2/D3$ ln -s ~/D1/D2/file.txt softlink
eltex-pg1-v17@eltex:~/D1/D2/D3$ ln ../file.txt hardlink
eltex-pg1-v17@eltex:~/D1/D2/D3$ ls
#hardlink  softlink
eltex-pg1-v17@eltex:~/D1/D2/D3$ ls -li
#total 4
#393374 -rw-r--r-- 2 eltex-pg1-v17 eltex-pg1-v17  7 Mar 17 12:33 hardlink
#393372 lrwxrwxrwx 1 eltex-pg1-v17 eltex-pg1-v17 34 Mar 17 12:35 softlink -> /home/eltex-pg1-v17/D1/D2/file.txt
eltex-pg1-v17@eltex:~/D1/D2/D3$ cat softlink 
#Hello!
eltex-pg1-v17@eltex:~/D1/D2/D3$ cat hardlink 
#Hello!

eltex-pg1-v17@eltex:~/D1/D2/D3$ mv ~/D1/D2/file.txt ~/D1
eltex-pg1-v17@eltex:~/D1/D2/D3$ cat hardlink 
#Hello!
eltex-pg1-v17@eltex:~/D1/D2/D3$ cat softlink 
#cat: softlink: No such file or directory

eltex-pg1-v17@eltex:~/D1$ rm -rf D2

eltex-pg1-v17@eltex:~$ find / -size +50M 2>/dev/null 
#/proc/kcore
#/home/eltex-pg2-v23/eltex-pg2-v23_part.log
eltex-pg1-v17@eltex:~$ du -h /proc/kcore
#0	/proc/kcore
eltex-pg1-v17@eltex:~$ du -h /home/eltex-pg2-v23/eltex-pg2-v23_part.log
#118M	/home/eltex-pg2-v23/eltex-pg2-v23_part.log

eltex-pg1-v17@eltex:~$ find / -size +50M 2>/dev/null 1>${USER}_part3_gt50M.log

eltex-pg1-v17@eltex:~$ find ~ -mtime -1
/home/eltex-pg1-v17
/home/eltex-pg1-v17/.eltex-pg1-v17_part3.log.swp
/home/eltex-pg1-v17/mydirectory
/home/eltex-pg1-v17/mydirectory/2025-03.4
/home/eltex-pg1-v17/mydirectory/2025-03.12
/home/eltex-pg1-v17/mydirectory/2025-03.10
/home/eltex-pg1-v17/mydirectory/2025-03.5
/home/eltex-pg1-v17/mydirectory/2025-03.7
/home/eltex-pg1-v17/mydirectory/2025-03.11
/home/eltex-pg1-v17/mydirectory/2025-03.3
/home/eltex-pg1-v17/mydirectory/2025-03.1
/home/eltex-pg1-v17/mydirectory/2025-03.9
/home/eltex-pg1-v17/mydirectory/2025-03.2
/home/eltex-pg1-v17/mydirectory/2025-03.6
/home/eltex-pg1-v17/mydirectory/2025-03.8
/home/eltex-pg1-v17/report_part1.txt
/home/eltex-pg1-v17/eltex-pg1-v17_part3_gt50M.log
/home/eltex-pg1-v17/D1
/home/eltex-pg1-v17/D1/file.txt
/home/eltex-pg1-v17/eltex-pg1-v17_part3.log
/home/eltex-pg1-v17/.bash_history
/home/eltex-pg1-v17/eltex-pg1-v17_part2.log
/home/eltex-pg1-v17/practice2_part1.log


eltex-pg1-v17@eltex:~$ which find
#/usr/bin/find

eltex-pg1-v17@eltex:~$ file /usr/bin/find
#/usr/bin/find: ELF 64-bit LSB pie executable, x86-64, version 1 (SYSV), 
#dynamically linked, interpreter /lib64/ld-linux-x86-64.so.2, 
#BuildID[sha1]=5545a6c7162d325fbe5ffabcbfe4e5521b66ce70, for GNU/Linux 3.2.0, 
#stripped

eltex-pg1-v17@eltex:~$ file /boot/initrd.img*
#/boot/initrd.img-6.1.0-27-amd64: ASCII cpio archive (SVR4 with no CRC)
#/boot/initrd.img-6.1.0-31-amd64: ASCII cpio archive (SVR4 with no CRC)
